============================================================
PRECOMPUTING FORECASTS
============================================================

[1/6] Loading data...
  Last data point: 2026-07

[2/10] Computing Ridge forecast...
  Done in 0.0s
  Trajectory: 0.24% → 0.54%

[3/10] Computing Huber forecast...
  Done in 0.1s
  Trajectory: 0.23% → 0.65%

[4/10] Computing RidgeShockDummies forecast...
  Done in 0.0s
  Trajectory: 0.23% → 0.67%

[4/13] Computing Ridge_Shock_Roll24 forecast...
  Done in 0.0s
  Trajectory: 0.18% → 0.69%

[5/13] Computing Ridge_ProdProxy forecast...
  Done in 0.1s
  Trajectory: 0.23% → 0.31%

[6/13] Computing Ridge_AsymERPT forecast...
  Done in 0.1s
  Trajectory: 0.27% → 0.51%

[7/13] Computing ElasticNet forecast...
  Done in 0.1s
  Trajectory: 0.19% → 0.62%

[8/13] Computing NGBoostShock forecast...
  Done in 0.6s
  Trajectory: 0.24% → 0.72%

[9/13] Computing NGBoost forecast...
  Done in 0.6s
  Trajectory: 0.31% → 0.86%

[10/13] Computing RidgeExtended forecast...
  Done in 0.1s
  Trajectory: 0.23% → 0.54%

[11/13] Computing EBM forecast...
16:42:01 - cmdstanpy - INFO - Chain [1] start processing
16:42:01 - cmdstanpy - INFO - Chain [1] done processing
  Done in 0.7s
  Trajectory: -0.04% → 0.36%

[12/13] Computing Prophet forecast...
  Done in 0.1s
  Trajectory: -0.13% → 0.55%

[13/14] Computing VARPolicy forecast...
  Done in 0.0s
  Regime/policy: h1:shock_huber_var;h2plus:seasonal_var
  Trajectory: 0.88% → 0.25%

[14/15] Computing FactorPolicy forecast...
  Done in 0.0s
  Factors/explained variance: 2 / 55.85%
  Trajectory: 0.21% → 0.19%

[15/15] Computing Nowcast (Weekly Bridge)...
  Weekly bridge source: /home/valalav/_projects/sirena-kbr/data/Сравнение еженедельных цен_01.csv (16865 deduped rows)
  Target 2026-08 (h=1)
    Weekly bridge signal: +0.234%
    Model proxy: +0.233%
    Weights: 90% weekly / 10% model
    NOWCAST: +0.233%
  Target 2026-09 (h=2)
    Weekly bridge signal: +0.378%
    Model proxy: +0.595%
    Weights: 60% weekly / 40% model
    NOWCAST: +0.465%

Computing Micro forecast (Auxiliary)...
  ERROR: data/kbr_micro_full.csv: required through 2026-07; 1011: missing 2026-07, last valid 2026-02-01 00:00:00; 1105: missing 2026-07, last valid 2025-05-01 00:00:00

Computing Micro_SM forecast (External statsmodels)...
  Done in 0.0s
  Trajectory: 0.01% → 0.29%

Computing weighted Ensemble (v5.2)...
  Ensemble trajectory: [0.23012790447579945, 0.5600192735379033, 0.6030065832650765, 0.8814428951594382, 1.067204531940802, 1.0607351835941665, 1.1034279995244778, 0.9038362981713297, 0.9169150707908708, 0.49632259241557053, 0.3416258306234163, 0.633401169914837]

Saved to: /home/valalav/_projects/sirena-kbr/data/precomputed_forecasts.json

============================================================
SUMMARY
============================================================
Generated: 2026-09-08T16:41:59.014642
Data up to: 2026-07-01
Horizon: 12 months
Models: 18

Trajectories (h=1 → h=12):
  Ridge       : +0.24% → +0.54%
  Huber       : +0.23% → +0.65%
  RidgeShockDummies: +0.23% → +0.67%
  Ridge_Shock_Roll24: +0.18% → +0.69%
  Ridge_ProdProxy: +0.23% → +0.31%
  Ridge_AsymERPT: +0.27% → +0.51%
  ElasticNet  : +0.19% → +0.62%
  NGBoostShock: +0.24% → +0.72%
  NGBoost     : +0.31% → +0.86%
  RidgeExtended: +0.23% → +0.54%
  EBM         : -0.04% → +0.36%
  Prophet     : -0.13% → +0.55%
  VARPolicy   : +0.88% → +0.25%
  FactorPolicy: +0.21% → +0.19%
  Nowcast     : +0.23% (h=1 only)
  Micro_SM    : +0.01% → +0.29%
  Ensemble    : +0.23% → +0.63%

============================================================
Done! Dashboard will use precomputed_forecasts.json
============================================================
