============================================================
ПОЛНАЯ ВЕРИФИКАЦИЯ DASHBOARD
Время: 2026-09-08 16:52:57
============================================================

============================================================
[1] PRECOMPUTED FORECASTS (tab1)
============================================================
Моделей в файле: 18
Модели: ['Ridge', 'Huber', 'RidgeShockDummies', 'Ridge_Shock_Roll24', 'Ridge_ProdProxy', 'Ridge_AsymERPT', 'ElasticNet', 'NGBoostShock', 'NGBoost', 'RidgeExtended', 'EBM', 'Prophet', 'VARPolicy', 'FactorPolicy', 'Nowcast', 'Micro', 'Micro_SM', 'Ensemble']
  ✓ Ridge
  ✓ Huber
  ✓ Micro
  ✓ Ensemble

Сгенерировано: 2026-09-08T16:41:59.014642

Weekly bridge diagnostics:
  ✓ method: weekly_bridge_v1
  ✓ source: /home/valalav/_projects/sirena-kbr/data/Сравнение еженедельных цен_01.csv
  ✓ months: ['2026-08', '2026-09', '2026-10', '2026-11', '2026-12', '2027-01', '2027-02', '2027-03', '2027-04', '2027-05', '2027-06', '2027-07']

============================================================
[2] BACKTEST h=1 (tab9)
============================================================
Моделей в файле: 34
  ✓ Ridge
  ✓ Huber
  ⚠ Micro — 8 NaN значений
  ✓ NGBoost_Shock
  ✓ Ensemble

Последнее обновление: 2026-09-08 15:54:51

============================================================
[3] BACKTEST h=2 (tab10)
============================================================
Моделей в файле: 34
  ✓ Ridge
  ✓ Huber
  ⚠ Micro — 7 NaN значений
  ✓ NGBoost_Shock
  ✓ Ensemble

Последнее обновление: 2026-09-08 15:55:29

============================================================
[4] DASHBOARD.PY CONSTANTS
============================================================
  ✓ ALL_MODELS определён (или импортирован)
  ✓ MODEL_COLORS определён (или импортирован)
  ✓ Нет захардкоженных списков
  ✓ Проверка состава ALL_MODELS делегирована (импорт из pages)

============================================================
[5] BACKTEST_FRAMEWORK.PY
============================================================
  ✓ MicrocomponentForecaster импортирован
  ✓ _forecast_micro метод существует
  ✓ Micro добавляется в predictions

============================================================
[6] СКРИНШОТЫ ВКЛАДОК
============================================================
  Успешно: 17 вкладок

  Скриншоты сохранены в assets/screenshots/

============================================================
ИТОГО
============================================================

✅ ВСЕ ПРОВЕРКИ ПРОЙДЕНЫ

Можно говорить 'готово' только после просмотра скриншотов!
